{
 "cells": [
  {
   "cell_type": "markdown",
   "metadata": {},
   "source": [
    "# Garbage collecion: сборка мусора (Модуль gc)"
   ]
  },
  {
   "cell_type": "markdown",
   "metadata": {},
   "source": [
    "Модуль __gc__ предоставляет базовый механизм управления памятью в Python — автоматическую сборку мусора. Он включает функции, позволяющие принудительно вызывать сборщик мусора и исследовать известные системе объекты, которые либо намечены для удаления, либо связаны циклическими ссылками и не могут быть освобождены."
   ]
  },
  {
   "cell_type": "markdown",
   "metadata": {},
   "source": [
    "## Отслеживание ссылок"
   ]
  },
  {
   "cell_type": "markdown",
   "metadata": {},
   "source": [
    "Анализируя существующие между объектами входящие и исходящие ссылки, модуль __gc__ способен выявлять наличие циклических ссылок в сложных структурах данных. Если речь идет о циклических ссылках в известной структуре, то ее свойства могут быть исследованы c помощью пользовательского кода. Если же циклические ссылки появляются в неизвестном коде, то для создания обобщенных средств отладки можно использовать функции:"
   ]
  },
  {
   "cell_type": "raw",
   "metadata": {},
   "source": [
    "get_referents()\n",
    "get_referrers()"
   ]
  },
  {
   "cell_type": "markdown",
   "metadata": {},
   "source": [
    "Например, функция __get_referents()__ отображает объекты, на которые ссылаются входные аргументы."
   ]
  },
  {
   "cell_type": "code",
   "execution_count": 1,
   "metadata": {},
   "outputs": [
    {
     "name": "stdout",
     "output_type": "stream",
     "text": [
      "Linking nodes Graph(one).next=Graph(two)\n",
      "Linking nodes Graph(two).next=Graph(three)\n",
      "Linking nodes Graph(three).next=Graph(one)\n",
      "\n",
      "three refers to:\n",
      "{'name': 'three', 'next': Graph(one)}\n",
      "<class '__main__.Graph'>\n"
     ]
    }
   ],
   "source": [
    "import gc\n",
    "import pprint\n",
    "\n",
    "class Graph:\n",
    "    \n",
    "    def __init__(self, name):\n",
    "        self.name = name\n",
    "        self.next = None\n",
    "        \n",
    "    def set_next(self, next):\n",
    "        print ('Linking nodes {}.next={}' .format(self, next))\n",
    "        self.next = next\n",
    "        \n",
    "    def __repr__(self):\n",
    "        return '{}({})' .format(\n",
    "            self.__class__.__name__, self.name) \n",
    "    \n",
    "#Cоздать циклический граф\n",
    "one = Graph('one')\n",
    "two = Graph('two')\n",
    "three = Graph('three')\n",
    "\n",
    "one.set_next(two)\n",
    "two.set_next(three)\n",
    "three.set_next(one)\n",
    "\n",
    "print()\n",
    "print('three refers to:')\n",
    "for r in gc.get_referents(three):\n",
    "    pprint.pprint(r)"
   ]
  },
  {
   "cell_type": "markdown",
   "metadata": {},
   "source": [
    "В данном случае экземпляр three класса Graph содержит ссылки на свой словарь и свой класс."
   ]
  },
  {
   "cell_type": "markdown",
   "metadata": {},
   "source": [
    "## Принудительная сборка мусора"
   ]
  },
  {
   "cell_type": "markdown",
   "metadata": {},
   "source": [
    "Несмотря на то, что сборщик мусора выполняется автоматически по мере выполнения программы интерпретатором, его можно запускать в определенные моменты времени, если необходимо освободить память от большого количества ненужных объектов или если выполняется лишь небольшой объем полезной работы и запуск сборщика не повлияет на производительность программы. \n",
    "Для этого следует использовать функцию __collect()__"
   ]
  },
  {
   "cell_type": "code",
   "execution_count": 3,
   "metadata": {},
   "outputs": [
    {
     "name": "stdout",
     "output_type": "stream",
     "text": [
      "Linking nodes Graph(one).next=Graph(two)\n",
      "Linking nodes Graph(two).next=Graph(three)\n",
      "Linking nodes Graph(three).next=Graph(one)\n",
      "\n",
      "Collecting 0 ...\n",
      "Unreachable objects: 36\n",
      "Remaining Garbage: []\n",
      "\n",
      "Collecting 1 ...\n",
      "Unreachable objects: 0\n",
      "Remaining Garbage: []\n"
     ]
    }
   ],
   "source": [
    "import gc\n",
    "import pprint\n",
    "\n",
    "class Graph:\n",
    "    \n",
    "    def __init__(self, name):\n",
    "        self.name = name\n",
    "        self.next = None\n",
    "        \n",
    "    def set_next(self, next):\n",
    "        print ('Linking nodes {}.next={}' .format(self, next))\n",
    "        self.next = next\n",
    "        \n",
    "    def __repr__(self):\n",
    "        return '{}({})' .format(\n",
    "            self.__class__.__name__, self.name) \n",
    "    \n",
    "#Cоздать циклический граф\n",
    "one = Graph('one')\n",
    "two = Graph('two')\n",
    "three = Graph('three')\n",
    "\n",
    "one.set_next(two)\n",
    "two.set_next(three)\n",
    "three.set_next(one)\n",
    "\n",
    "# Удалить ссылки на узлы графа в пространстве имен данного модуля\n",
    "one = two = three = None\n",
    "\n",
    "# Продемонстрировать эффект сборки мусора\n",
    "for i in range(2):\n",
    "    print('\\nCollecting {} ...'.format(i))\n",
    "    n = gc.collect()\n",
    "    print('Unreachable objects:', n)\n",
    "    print('Remaining Garbage:', end=' ')\n",
    "    pprint.pprint(gc.garbage)"
   ]
  },
  {
   "cell_type": "markdown",
   "metadata": {},
   "source": [
    "В этом примере цикл удаляется сразу же, как только выполняется сборка мусора, поскольку на узлы Graph не ссылаются никакие другие объекты, кроме них самих. Функция __collect()__ возвращает количество “недостижимых” объектов, которые ей удалось обнаружить. В данном случае это значение представляет три объекта c их словарями атрибутов экземпляров."
   ]
  },
  {
   "cell_type": "markdown",
   "metadata": {},
   "source": [
    "## Пороги и поколения сборки мусора"
   ]
  },
  {
   "cell_type": "markdown",
   "metadata": {},
   "source": [
    "Сборщик мусора поддерживает три списка объектов — по одному на каждое поколение сборки, отслеживаемое им. В процессе просмотра объектов в каждом поколении они либо удаляются, либо переводятся в следующее поколение, пока окончательно не достигнут состояния, в котором они постоянно находятся.\n",
    "Выполняемые сборщиком рутинные операции можно настраивать так, чтобы они осуществлялись c различной частотой на основании разницы между количествами размещаемых и удаляемых объектов от запуска к запуску. Если количество размещений объектов минус количество удалений превышает установленный для\n",
    "данного поколения порог, запускается сборщик мусора. Для получения текущих пороговых значений следует использовать функцию __get_threshold()__"
   ]
  },
  {
   "cell_type": "code",
   "execution_count": 2,
   "metadata": {},
   "outputs": [
    {
     "name": "stdout",
     "output_type": "stream",
     "text": [
      "(700, 10, 10)\n"
     ]
    }
   ],
   "source": [
    "import gc\n",
    "\n",
    "print(gc.get_threshold())"
   ]
  },
  {
   "cell_type": "markdown",
   "metadata": {},
   "source": [
    "Возвращаемое значение представляет собой кортеж из пороговых значений для каждого поколения."
   ]
  },
  {
   "cell_type": "markdown",
   "metadata": {},
   "source": [
    "Для изменения пороговых значений следует использовать функцию __set_threshold()__. В следующем примере программа устанавливает для поколения 0 пороговое значение, заданное аргументом командной строки, а затем размещает в памяти последовательность объектов."
   ]
  },
  {
   "cell_type": "code",
   "execution_count": 4,
   "metadata": {},
   "outputs": [
    {
     "name": "stdout",
     "output_type": "stream",
     "text": [
      "Missing or invalid threshold, using default\n",
      "Thresholds: (2, 1, 1)\n",
      "Clear the collector by forcing a run\n",
      "\n",
      "Creating objects\n"
     ]
    },
    {
     "name": "stderr",
     "output_type": "stream",
     "text": [
      "gc: collecting generation 0...\n",
      "gc: objects in each generation: 26 0 50936\n",
      "gc: objects in permanent generation: 0\n",
      "gc: done, 0 unreachable, 0 uncollectable, 0.0000s elapsed\n",
      "gc: collecting generation 1...\n",
      "gc: objects in each generation: 11 28 50936\n",
      "gc: objects in permanent generation: 0\n",
      "gc: done, 0 unreachable, 0 uncollectable, 0.0000s elapsed\n",
      "gc: collecting generation 0...\n",
      "gc: objects in each generation: 34 0 50977\n",
      "gc: objects in permanent generation: 0\n",
      "gc: done, 0 unreachable, 0 uncollectable, 0.0000s elapsed\n",
      "gc: collecting generation 0...\n",
      "gc: objects in each generation: 17 31 50957\n",
      "gc: objects in permanent generation: 0\n",
      "gc: done, 0 unreachable, 0 uncollectable, 0.0000s elapsed\n",
      "gc: collecting generation 1...\n",
      "gc: objects in each generation: 18 47 50950\n",
      "gc: objects in permanent generation: 0\n",
      "gc: done, 0 unreachable, 0 uncollectable, 0.0000s elapsed\n",
      "gc: collecting generation 0...\n",
      "gc: objects in each generation: 9 0 51019\n",
      "gc: objects in permanent generation: 0\n",
      "gc: done, 0 unreachable, 0 uncollectable, 0.0000s elapsed\n",
      "gc: collecting generation 0...\n",
      "gc: objects in each generation: 9 13 51019\n",
      "gc: objects in permanent generation: 0\n",
      "gc: done, 0 unreachable, 0 uncollectable, 0.0000s elapsed\n",
      "gc: collecting generation 1...\n",
      "gc: objects in each generation: 9 26 51019\n",
      "gc: objects in permanent generation: 0\n",
      "gc: done, 0 unreachable, 0 uncollectable, 0.0000s elapsed\n",
      "gc: collecting generation 0...\n",
      "gc: objects in each generation: 9 0 51058\n",
      "gc: objects in permanent generation: 0\n",
      "gc: done, 0 unreachable, 0 uncollectable, 0.0000s elapsed\n",
      "gc: collecting generation 0...\n",
      "gc: objects in each generation: 9 16 51055\n",
      "gc: objects in permanent generation: 0\n",
      "gc: done, 0 unreachable, 0 uncollectable, 0.0000s elapsed\n",
      "gc: collecting generation 1...\n",
      "gc: objects in each generation: 9 29 51053\n",
      "gc: objects in permanent generation: 0\n",
      "gc: done, 0 unreachable, 0 uncollectable, 0.0000s elapsed\n",
      "gc: collecting generation 0...\n",
      "gc: objects in each generation: 9 0 51095\n",
      "gc: objects in permanent generation: 0\n",
      "gc: done, 0 unreachable, 0 uncollectable, 0.0000s elapsed\n",
      "gc: collecting generation 0...\n",
      "gc: objects in each generation: 14 12 51078\n",
      "gc: objects in permanent generation: 0\n",
      "gc: done, 0 unreachable, 0 uncollectable, 0.0000s elapsed\n",
      "gc: collecting generation 1...\n",
      "gc: objects in each generation: 11 29 50917\n",
      "gc: objects in permanent generation: 0\n",
      "gc: done, 0 unreachable, 0 uncollectable, 0.0000s elapsed\n",
      "gc: collecting generation 0...\n",
      "gc: objects in each generation: 10 0 50960\n",
      "gc: objects in permanent generation: 0\n",
      "gc: done, 0 unreachable, 0 uncollectable, 0.0000s elapsed\n",
      "gc: collecting generation 0...\n",
      "gc: objects in each generation: 11 14 50960\n",
      "gc: objects in permanent generation: 0\n",
      "gc: done, 0 unreachable, 0 uncollectable, 0.0000s elapsed\n",
      "gc: collecting generation 1...\n",
      "gc: objects in each generation: 8 27 50960\n",
      "gc: objects in permanent generation: 0\n",
      "gc: done, 0 unreachable, 0 uncollectable, 0.0000s elapsed\n",
      "gc: collecting generation 0...\n",
      "gc: objects in each generation: 9 0 50998\n",
      "gc: objects in permanent generation: 0\n",
      "gc: done, 0 unreachable, 0 uncollectable, 0.0000s elapsed\n",
      "gc: collecting generation 0...\n",
      "gc: objects in each generation: 9 13 50998\n",
      "gc: objects in permanent generation: 0\n",
      "gc: done, 0 unreachable, 0 uncollectable, 0.0000s elapsed\n",
      "gc: collecting generation 1...\n",
      "gc: objects in each generation: 10 12 50932\n",
      "gc: objects in permanent generation: 0\n",
      "gc: done, 0 unreachable, 0 uncollectable, 0.0000s elapsed\n",
      "gc: collecting generation 0...\n",
      "gc: objects in each generation: 11 0 50958\n",
      "gc: objects in permanent generation: 0\n",
      "gc: done, 0 unreachable, 0 uncollectable, 0.0000s elapsed\n",
      "gc: collecting generation 0...\n",
      "gc: objects in each generation: 8 13 50958\n",
      "gc: objects in permanent generation: 0\n",
      "gc: done, 0 unreachable, 0 uncollectable, 0.0000s elapsed\n",
      "gc: collecting generation 1...\n",
      "gc: objects in each generation: 9 25 50957\n",
      "gc: objects in permanent generation: 0\n",
      "gc: done, 0 unreachable, 0 uncollectable, 0.0000s elapsed\n",
      "gc: collecting generation 0...\n",
      "gc: objects in each generation: 9 0 50995\n",
      "gc: objects in permanent generation: 0\n",
      "gc: done, 0 unreachable, 0 uncollectable, 0.0000s elapsed\n",
      "gc: collecting generation 0...\n",
      "gc: objects in each generation: 10 13 50995\n",
      "gc: objects in permanent generation: 0\n",
      "gc: done, 0 unreachable, 0 uncollectable, 0.0000s elapsed\n",
      "gc: collecting generation 1...\n",
      "gc: objects in each generation: 11 27 50995\n",
      "gc: objects in permanent generation: 0\n",
      "gc: done, 0 unreachable, 0 uncollectable, 0.0000s elapsed\n",
      "gc: collecting generation 0...\n",
      "gc: objects in each generation: 8 0 51035\n",
      "gc: objects in permanent generation: 0\n",
      "gc: done, 0 unreachable, 0 uncollectable, 0.0000s elapsed\n",
      "gc: collecting generation 0...\n",
      "gc: objects in each generation: 9 12 51034\n",
      "gc: objects in permanent generation: 0\n",
      "gc: done, 0 unreachable, 0 uncollectable, 0.0000s elapsed\n",
      "gc: collecting generation 1...\n",
      "gc: objects in each generation: 9 11 50932\n",
      "gc: objects in permanent generation: 0\n",
      "gc: done, 0 unreachable, 0 uncollectable, 0.0000s elapsed\n",
      "gc: collecting generation 0...\n",
      "gc: objects in each generation: 10 0 50944\n",
      "gc: objects in permanent generation: 0\n",
      "gc: done, 0 unreachable, 0 uncollectable, 0.0000s elapsed\n",
      "gc: collecting generation 0...\n",
      "gc: objects in each generation: 11 14 50944\n",
      "gc: objects in permanent generation: 0\n",
      "gc: done, 0 unreachable, 0 uncollectable, 0.0000s elapsed\n",
      "gc: collecting generation 1...\n",
      "gc: objects in each generation: 8 27 50944\n",
      "gc: objects in permanent generation: 0\n",
      "gc: done, 0 unreachable, 0 uncollectable, 0.0000s elapsed\n",
      "gc: collecting generation 0...\n",
      "gc: objects in each generation: 23 0 50935\n",
      "gc: objects in permanent generation: 0\n",
      "gc: done, 0 unreachable, 0 uncollectable, 0.0000s elapsed\n",
      "gc: collecting generation 0...\n",
      "gc: objects in each generation: 9 27 50935\n",
      "gc: objects in permanent generation: 0\n",
      "gc: done, 0 unreachable, 0 uncollectable, 0.0000s elapsed\n",
      "gc: collecting generation 1...\n",
      "gc: objects in each generation: 9 40 50935\n",
      "gc: objects in permanent generation: 0\n",
      "gc: done, 0 unreachable, 0 uncollectable, 0.0000s elapsed\n",
      "gc: collecting generation 0...\n",
      "gc: objects in each generation: 9 0 50988\n",
      "gc: objects in permanent generation: 0\n",
      "gc: done, 0 unreachable, 0 uncollectable, 0.0000s elapsed\n",
      "gc: collecting generation 0...\n",
      "gc: objects in each generation: 9 13 50988\n",
      "gc: objects in permanent generation: 0\n",
      "gc: done, 0 unreachable, 0 uncollectable, 0.0000s elapsed\n",
      "gc: collecting generation 1...\n",
      "gc: objects in each generation: 9 26 50988\n",
      "gc: objects in permanent generation: 0\n",
      "gc: done, 0 unreachable, 0 uncollectable, 0.0000s elapsed\n",
      "gc: collecting generation 0...\n",
      "gc: objects in each generation: 9 0 51027\n",
      "gc: objects in permanent generation: 0\n",
      "gc: done, 0 unreachable, 0 uncollectable, 0.0000s elapsed\n",
      "gc: collecting generation 0...\n",
      "gc: objects in each generation: 9 13 51027\n",
      "gc: objects in permanent generation: 0\n",
      "gc: done, 0 unreachable, 0 uncollectable, 0.0000s elapsed\n",
      "gc: collecting generation 1...\n",
      "gc: objects in each generation: 14 24 51011\n",
      "gc: objects in permanent generation: 0\n",
      "gc: done, 0 unreachable, 0 uncollectable, 0.0000s elapsed\n",
      "gc: collecting generation 0...\n",
      "gc: objects in each generation: 10 0 51050\n",
      "gc: objects in permanent generation: 0\n",
      "gc: done, 0 unreachable, 0 uncollectable, 0.0000s elapsed\n",
      "gc: collecting generation 0...\n",
      "gc: objects in each generation: 10 12 50932\n",
      "gc: objects in permanent generation: 0\n",
      "gc: done, 0 unreachable, 0 uncollectable, 0.0000s elapsed\n",
      "gc: collecting generation 1...\n",
      "gc: objects in each generation: 11 26 50932\n",
      "gc: objects in permanent generation: 0\n",
      "gc: done, 0 unreachable, 0 uncollectable, 0.0000s elapsed\n",
      "gc: collecting generation 0...\n",
      "gc: objects in each generation: 12 0 50942\n",
      "gc: objects in permanent generation: 0\n",
      "gc: done, 0 unreachable, 0 uncollectable, 0.0000s elapsed\n",
      "gc: collecting generation 0...\n",
      "gc: objects in each generation: 11 16 50942\n",
      "gc: objects in permanent generation: 0\n",
      "gc: done, 0 unreachable, 0 uncollectable, 0.0000s elapsed\n",
      "gc: collecting generation 1...\n",
      "gc: objects in each generation: 8 29 50942\n",
      "gc: objects in permanent generation: 0\n",
      "gc: done, 0 unreachable, 0 uncollectable, 0.0000s elapsed\n",
      "gc: collecting generation 0...\n",
      "gc: objects in each generation: 15 0 50975\n",
      "gc: objects in permanent generation: 0\n",
      "gc: done, 0 unreachable, 0 uncollectable, 0.0000s elapsed\n",
      "gc: collecting generation 0...\n",
      "gc: objects in each generation: 18 17 50975\n",
      "gc: objects in permanent generation: 0\n",
      "gc: done, 0 unreachable, 0 uncollectable, 0.0000s elapsed\n",
      "gc: collecting generation 1...\n",
      "gc: objects in each generation: 9 39 50975\n",
      "gc: objects in permanent generation: 0\n",
      "gc: done, 0 unreachable, 0 uncollectable, 0.0000s elapsed\n",
      "gc: collecting generation 0...\n",
      "gc: objects in each generation: 9 0 51027\n",
      "gc: objects in permanent generation: 0\n",
      "gc: done, 0 unreachable, 0 uncollectable, 0.0000s elapsed\n",
      "gc: collecting generation 0...\n",
      "gc: objects in each generation: 9 13 51027\n",
      "gc: objects in permanent generation: 0\n",
      "gc: done, 0 unreachable, 0 uncollectable, 0.0000s elapsed\n",
      "gc: collecting generation 1...\n",
      "gc: objects in each generation: 17 2 50941\n",
      "gc: objects in permanent generation: 0\n",
      "gc: done, 0 unreachable, 0 uncollectable, 0.0000s elapsed\n",
      "gc: collecting generation 0...\n",
      "gc: objects in each generation: 9 0 50964\n",
      "gc: objects in permanent generation: 0\n",
      "gc: done, 0 unreachable, 0 uncollectable, 0.0000s elapsed\n",
      "gc: collecting generation 0...\n",
      "gc: objects in each generation: 14 12 50947\n",
      "gc: objects in permanent generation: 0\n",
      "gc: done, 0 unreachable, 0 uncollectable, 0.0000s elapsed\n",
      "gc: collecting generation 2...\n",
      "gc: objects in each generation: 8 13 50929\n",
      "gc: objects in permanent generation: 0\n",
      "gc: done, 18 unreachable, 0 uncollectable, 0.0160s elapsed\n",
      "gc: collecting generation 0...\n",
      "gc: objects in each generation: 20 0 50908\n",
      "gc: objects in permanent generation: 0\n",
      "gc: done, 0 unreachable, 0 uncollectable, 0.0000s elapsed\n",
      "gc: collecting generation 0...\n",
      "gc: objects in each generation: 9 24 50908\n",
      "gc: objects in permanent generation: 0\n",
      "gc: done, 0 unreachable, 0 uncollectable, 0.0000s elapsed\n",
      "gc: collecting generation 1...\n",
      "gc: objects in each generation: 11 36 50904\n",
      "gc: objects in permanent generation: 0\n",
      "gc: done, 0 unreachable, 0 uncollectable, 0.0000s elapsed\n",
      "gc: collecting generation 0...\n",
      "gc: objects in each generation: 9 0 50955\n",
      "gc: objects in permanent generation: 0\n",
      "gc: done, 0 unreachable, 0 uncollectable, 0.0000s elapsed\n",
      "gc: collecting generation 0...\n",
      "gc: objects in each generation: 9 13 50955\n",
      "gc: objects in permanent generation: 0\n",
      "gc: done, 0 unreachable, 0 uncollectable, 0.0000s elapsed\n",
      "gc: collecting generation 1...\n",
      "gc: objects in each generation: 15 25 50954\n",
      "gc: objects in permanent generation: 0\n",
      "gc: done, 0 unreachable, 0 uncollectable, 0.0000s elapsed\n",
      "gc: collecting generation 0...\n",
      "gc: objects in each generation: 9 0 50998\n",
      "gc: objects in permanent generation: 0\n",
      "gc: done, 0 unreachable, 0 uncollectable, 0.0000s elapsed\n",
      "gc: collecting generation 0...\n",
      "gc: objects in each generation: 8 13 50998\n",
      "gc: objects in permanent generation: 0\n",
      "gc: done, 0 unreachable, 0 uncollectable, 0.0000s elapsed\n",
      "gc: collecting generation 1...\n",
      "gc: objects in each generation: 9 25 50998\n",
      "gc: objects in permanent generation: 0\n",
      "gc: done, 0 unreachable, 0 uncollectable, 0.0000s elapsed\n",
      "gc: collecting generation 0...\n",
      "gc: objects in each generation: 9 0 51036\n",
      "gc: objects in permanent generation: 0\n",
      "gc: done, 0 unreachable, 0 uncollectable, 0.0000s elapsed\n",
      "gc: collecting generation 0...\n",
      "gc: objects in each generation: 9 13 51036\n",
      "gc: objects in permanent generation: 0\n",
      "gc: done, 0 unreachable, 0 uncollectable, 0.0000s elapsed\n",
      "gc: collecting generation 1...\n",
      "gc: objects in each generation: 9 26 51036\n",
      "gc: objects in permanent generation: 0\n",
      "gc: done, 0 unreachable, 0 uncollectable, 0.0000s elapsed\n",
      "gc: collecting generation 0...\n",
      "gc: objects in each generation: 9 0 51075\n",
      "gc: objects in permanent generation: 0\n",
      "gc: done, 0 unreachable, 0 uncollectable, 0.0000s elapsed\n",
      "gc: collecting generation 0...\n",
      "gc: objects in each generation: 9 13 51075\n",
      "gc: objects in permanent generation: 0\n",
      "gc: done, 0 unreachable, 0 uncollectable, 0.0000s elapsed\n",
      "gc: collecting generation 1...\n",
      "gc: objects in each generation: 9 26 51075\n",
      "gc: objects in permanent generation: 0\n",
      "gc: done, 0 unreachable, 0 uncollectable, 0.0000s elapsed\n",
      "gc: collecting generation 0...\n",
      "gc: objects in each generation: 9 0 51114\n",
      "gc: objects in permanent generation: 0\n",
      "gc: done, 0 unreachable, 0 uncollectable, 0.0000s elapsed\n",
      "gc: collecting generation 0...\n",
      "gc: objects in each generation: 9 13 51114\n",
      "gc: objects in permanent generation: 0\n",
      "gc: done, 0 unreachable, 0 uncollectable, 0.0000s elapsed\n",
      "gc: collecting generation 1...\n",
      "gc: objects in each generation: 8 24 51109\n",
      "gc: objects in permanent generation: 0\n",
      "gc: done, 0 unreachable, 0 uncollectable, 0.0000s elapsed\n",
      "gc: collecting generation 0...\n",
      "gc: objects in each generation: 10 0 51145\n",
      "gc: objects in permanent generation: 0\n",
      "gc: done, 0 unreachable, 0 uncollectable, 0.0000s elapsed\n",
      "gc: collecting generation 0...\n",
      "gc: objects in each generation: 11 13 51145\n",
      "gc: objects in permanent generation: 0\n",
      "gc: done, 0 unreachable, 0 uncollectable, 0.0000s elapsed\n",
      "gc: collecting generation 1...\n",
      "gc: objects in each generation: 10 26 51145\n",
      "gc: objects in permanent generation: 0\n",
      "gc: done, 0 unreachable, 0 uncollectable, 0.0000s elapsed\n",
      "gc: collecting generation 0...\n",
      "gc: objects in each generation: 8 0 51176\n",
      "gc: objects in permanent generation: 0\n",
      "gc: done, 0 unreachable, 0 uncollectable, 0.0000s elapsed\n",
      "gc: collecting generation 0...\n",
      "gc: objects in each generation: 8 12 51174\n",
      "gc: objects in permanent generation: 0\n",
      "gc: done, 0 unreachable, 0 uncollectable, 0.0000s elapsed\n",
      "gc: collecting generation 1...\n",
      "gc: objects in each generation: 9 10 50912\n",
      "gc: objects in permanent generation: 0\n",
      "gc: done, 0 unreachable, 0 uncollectable, 0.0000s elapsed\n",
      "gc: collecting generation 0...\n",
      "gc: objects in each generation: 12 0 50918\n",
      "gc: objects in permanent generation: 0\n",
      "gc: done, 0 unreachable, 0 uncollectable, 0.0000s elapsed\n",
      "gc: collecting generation 0...\n",
      "gc: objects in each generation: 9 15 50918\n",
      "gc: objects in permanent generation: 0\n",
      "gc: done, 0 unreachable, 0 uncollectable, 0.0000s elapsed\n",
      "gc: collecting generation 1...\n",
      "gc: objects in each generation: 9 28 50918\n",
      "gc: objects in permanent generation: 0\n",
      "gc: done, 0 unreachable, 0 uncollectable, 0.0000s elapsed\n",
      "gc: collecting generation 0...\n",
      "gc: objects in each generation: 10 0 50959\n",
      "gc: objects in permanent generation: 0\n",
      "gc: done, 0 unreachable, 0 uncollectable, 0.0000s elapsed\n",
      "gc: collecting generation 0...\n",
      "gc: objects in each generation: 11 14 50959\n",
      "gc: objects in permanent generation: 0\n",
      "gc: done, 0 unreachable, 0 uncollectable, 0.0000s elapsed\n",
      "gc: collecting generation 1...\n",
      "gc: objects in each generation: 23 10 50904\n",
      "gc: objects in permanent generation: 0\n",
      "gc: done, 0 unreachable, 0 uncollectable, 0.0000s elapsed\n",
      "gc: collecting generation 0...\n",
      "gc: objects in each generation: 9 0 50941\n",
      "gc: objects in permanent generation: 0\n",
      "gc: done, 0 unreachable, 0 uncollectable, 0.0000s elapsed\n",
      "gc: collecting generation 0...\n",
      "gc: objects in each generation: 9 11 50919\n",
      "gc: objects in permanent generation: 0\n",
      "gc: done, 0 unreachable, 0 uncollectable, 0.0000s elapsed\n",
      "gc: collecting generation 1...\n",
      "gc: objects in each generation: 9 24 50919\n",
      "gc: objects in permanent generation: 0\n",
      "gc: done, 0 unreachable, 0 uncollectable, 0.0000s elapsed\n",
      "gc: collecting generation 0...\n",
      "gc: objects in each generation: 9 0 50956\n",
      "gc: objects in permanent generation: 0\n",
      "gc: done, 0 unreachable, 0 uncollectable, 0.0000s elapsed\n",
      "gc: collecting generation 0...\n",
      "gc: objects in each generation: 9 13 50956\n",
      "gc: objects in permanent generation: 0\n",
      "gc: done, 0 unreachable, 0 uncollectable, 0.0000s elapsed\n",
      "gc: collecting generation 1...\n",
      "gc: objects in each generation: 9 12 50922\n",
      "gc: objects in permanent generation: 0\n",
      "gc: done, 0 unreachable, 0 uncollectable, 0.0000s elapsed\n",
      "gc: collecting generation 0...\n",
      "gc: objects in each generation: 9 0 50947\n",
      "gc: objects in permanent generation: 0\n",
      "gc: done, 0 unreachable, 0 uncollectable, 0.0000s elapsed\n",
      "gc: collecting generation 0...\n",
      "gc: objects in each generation: 14 12 50930\n",
      "gc: objects in permanent generation: 0\n",
      "gc: done, 0 unreachable, 0 uncollectable, 0.0000s elapsed\n",
      "gc: collecting generation 1...\n",
      "gc: objects in each generation: 10 27 50930\n",
      "gc: objects in permanent generation: 0\n",
      "gc: done, 0 unreachable, 0 uncollectable, 0.0000s elapsed\n",
      "gc: collecting generation 0...\n",
      "gc: objects in each generation: 10 0 50971\n",
      "gc: objects in permanent generation: 0\n",
      "gc: done, 0 unreachable, 0 uncollectable, 0.0000s elapsed\n",
      "gc: collecting generation 0...\n",
      "gc: objects in each generation: 11 14 50971\n",
      "gc: objects in permanent generation: 0\n",
      "gc: done, 0 unreachable, 0 uncollectable, 0.0000s elapsed\n",
      "gc: collecting generation 1...\n",
      "gc: objects in each generation: 8 27 50971\n",
      "gc: objects in permanent generation: 0\n",
      "gc: done, 0 unreachable, 0 uncollectable, 0.0000s elapsed\n",
      "gc: collecting generation 0...\n",
      "gc: objects in each generation: 9 0 51009\n",
      "gc: objects in permanent generation: 0\n",
      "gc: done, 0 unreachable, 0 uncollectable, 0.0000s elapsed\n",
      "gc: collecting generation 0...\n",
      "gc: objects in each generation: 9 13 51009\n",
      "gc: objects in permanent generation: 0\n",
      "gc: done, 0 unreachable, 0 uncollectable, 0.0000s elapsed\n",
      "gc: collecting generation 1...\n",
      "gc: objects in each generation: 10 26 51009\n",
      "gc: objects in permanent generation: 0\n",
      "gc: done, 0 unreachable, 0 uncollectable, 0.0000s elapsed\n",
      "gc: collecting generation 0...\n",
      "gc: objects in each generation: 13 0 50915\n",
      "gc: objects in permanent generation: 0\n",
      "gc: done, 0 unreachable, 0 uncollectable, 0.0000s elapsed\n",
      "gc: collecting generation 0...\n",
      "gc: objects in each generation: 23 14 50904\n",
      "gc: objects in permanent generation: 0\n",
      "gc: done, 0 unreachable, 0 uncollectable, 0.0000s elapsed\n",
      "gc: collecting generation 1...\n",
      "gc: objects in each generation: 9 41 50904\n",
      "gc: objects in permanent generation: 0\n",
      "gc: done, 0 unreachable, 0 uncollectable, 0.0000s elapsed\n",
      "gc: collecting generation 0...\n",
      "gc: objects in each generation: 9 0 50958\n",
      "gc: objects in permanent generation: 0\n",
      "gc: done, 0 unreachable, 0 uncollectable, 0.0000s elapsed\n",
      "gc: collecting generation 0...\n",
      "gc: objects in each generation: 9 13 50958\n",
      "gc: objects in permanent generation: 0\n",
      "gc: done, 0 unreachable, 0 uncollectable, 0.0000s elapsed\n",
      "gc: collecting generation 1...\n",
      "gc: objects in each generation: 9 26 50958\n",
      "gc: objects in permanent generation: 0\n",
      "gc: done, 0 unreachable, 0 uncollectable, 0.0000s elapsed\n",
      "gc: collecting generation 0...\n",
      "gc: objects in each generation: 11 0 50923\n",
      "gc: objects in permanent generation: 0\n",
      "gc: done, 0 unreachable, 0 uncollectable, 0.0000s elapsed\n",
      "gc: collecting generation 0...\n",
      "gc: objects in each generation: 9 15 50923\n",
      "gc: objects in permanent generation: 0\n",
      "gc: done, 0 unreachable, 0 uncollectable, 0.0000s elapsed\n",
      "gc: collecting generation 1...\n",
      "gc: objects in each generation: 9 28 50923\n",
      "gc: objects in permanent generation: 0\n",
      "gc: done, 0 unreachable, 0 uncollectable, 0.0000s elapsed\n",
      "gc: collecting generation 0...\n",
      "gc: objects in each generation: 14 0 50946\n",
      "gc: objects in permanent generation: 0\n",
      "gc: done, 0 unreachable, 0 uncollectable, 0.0000s elapsed\n",
      "gc: collecting generation 0...\n",
      "gc: objects in each generation: 24 12 50931\n",
      "gc: objects in permanent generation: 0\n",
      "gc: done, 0 unreachable, 0 uncollectable, 0.0000s elapsed\n",
      "gc: collecting generation 1...\n",
      "gc: objects in each generation: 9 40 50931\n",
      "gc: objects in permanent generation: 0\n"
     ]
    },
    {
     "name": "stdout",
     "output_type": "stream",
     "text": [
      "Created 0\n",
      "Created 1\n",
      "Created 2\n",
      "Created 3\n",
      "Created 4\n",
      "Created 5\n",
      "Created 6\n",
      "Created 7\n",
      "Created 8\n",
      "Created 9\n",
      "Exiting\n"
     ]
    },
    {
     "name": "stderr",
     "output_type": "stream",
     "text": [
      "gc: done, 0 unreachable, 0 uncollectable, 0.0000s elapsed\n",
      "gc: collecting generation 0...\n",
      "gc: objects in each generation: 9 0 50935\n",
      "gc: objects in permanent generation: 0\n",
      "gc: done, 0 unreachable, 0 uncollectable, 0.0000s elapsed\n",
      "gc: collecting generation 0...\n",
      "gc: objects in each generation: 9 28 50918\n",
      "gc: objects in permanent generation: 0\n",
      "gc: done, 0 unreachable, 0 uncollectable, 0.0000s elapsed\n",
      "gc: collecting generation 1...\n",
      "gc: objects in each generation: 9 41 50918\n",
      "gc: objects in permanent generation: 0\n",
      "gc: done, 0 unreachable, 0 uncollectable, 0.0000s elapsed\n",
      "gc: collecting generation 0...\n",
      "gc: objects in each generation: 9 0 50964\n",
      "gc: objects in permanent generation: 0\n",
      "gc: done, 0 unreachable, 0 uncollectable, 0.0000s elapsed\n",
      "gc: collecting generation 0...\n",
      "gc: objects in each generation: 9 26 50963\n",
      "gc: objects in permanent generation: 0\n",
      "gc: done, 0 unreachable, 0 uncollectable, 0.0000s elapsed\n",
      "gc: collecting generation 1...\n",
      "gc: objects in each generation: 9 39 50963\n",
      "gc: objects in permanent generation: 0\n",
      "gc: done, 0 unreachable, 0 uncollectable, 0.0000s elapsed\n",
      "gc: collecting generation 0...\n",
      "gc: objects in each generation: 10 0 51003\n",
      "gc: objects in permanent generation: 0\n",
      "gc: done, 0 unreachable, 0 uncollectable, 0.0000s elapsed\n",
      "gc: collecting generation 0...\n",
      "gc: objects in each generation: 9 12 51001\n",
      "gc: objects in permanent generation: 0\n",
      "gc: done, 0 unreachable, 0 uncollectable, 0.0000s elapsed\n",
      "gc: collecting generation 1...\n",
      "gc: objects in each generation: 12 24 50997\n",
      "gc: objects in permanent generation: 0\n",
      "gc: done, 0 unreachable, 0 uncollectable, 0.0000s elapsed\n",
      "gc: collecting generation 0...\n",
      "gc: objects in each generation: 10 0 51036\n",
      "gc: objects in permanent generation: 0\n",
      "gc: done, 0 unreachable, 0 uncollectable, 0.0000s elapsed\n",
      "gc: collecting generation 0...\n",
      "gc: objects in each generation: 9 13 51036\n",
      "gc: objects in permanent generation: 0\n",
      "gc: done, 0 unreachable, 0 uncollectable, 0.0000s elapsed\n",
      "gc: collecting generation 1...\n",
      "gc: objects in each generation: 9 26 51036\n",
      "gc: objects in permanent generation: 0\n",
      "gc: done, 0 unreachable, 0 uncollectable, 0.0000s elapsed\n",
      "gc: collecting generation 0...\n",
      "gc: objects in each generation: 10 0 51075\n",
      "gc: objects in permanent generation: 0\n",
      "gc: done, 0 unreachable, 0 uncollectable, 0.0000s elapsed\n",
      "gc: collecting generation 0...\n",
      "gc: objects in each generation: 11 14 51075\n",
      "gc: objects in permanent generation: 0\n",
      "gc: done, 0 unreachable, 0 uncollectable, 0.0000s elapsed\n",
      "gc: collecting generation 1...\n",
      "gc: objects in each generation: 8 30 51070\n",
      "gc: objects in permanent generation: 0\n",
      "gc: done, 0 unreachable, 0 uncollectable, 0.0000s elapsed\n",
      "gc: collecting generation 0...\n",
      "gc: objects in each generation: 10 0 51112\n",
      "gc: objects in permanent generation: 0\n",
      "gc: done, 0 unreachable, 0 uncollectable, 0.0000s elapsed\n",
      "gc: collecting generation 0...\n",
      "gc: objects in each generation: 11 14 51112\n",
      "gc: objects in permanent generation: 0\n",
      "gc: done, 0 unreachable, 0 uncollectable, 0.0000s elapsed\n",
      "gc: collecting generation 1...\n",
      "gc: objects in each generation: 9 27 51111\n",
      "gc: objects in permanent generation: 0\n",
      "gc: done, 0 unreachable, 0 uncollectable, 0.0000s elapsed\n",
      "gc: collecting generation 0...\n",
      "gc: objects in each generation: 9 0 51151\n",
      "gc: objects in permanent generation: 0\n",
      "gc: done, 0 unreachable, 0 uncollectable, 0.0000s elapsed\n",
      "gc: collecting generation 0...\n",
      "gc: objects in each generation: 10 13 51151\n",
      "gc: objects in permanent generation: 0\n",
      "gc: done, 0 unreachable, 0 uncollectable, 0.0000s elapsed\n",
      "gc: collecting generation 1...\n",
      "gc: objects in each generation: 11 39 51099\n",
      "gc: objects in permanent generation: 0\n",
      "gc: done, 0 unreachable, 0 uncollectable, 0.0000s elapsed\n",
      "gc: collecting generation 0...\n",
      "gc: objects in each generation: 8 0 51151\n",
      "gc: objects in permanent generation: 0\n",
      "gc: done, 0 unreachable, 0 uncollectable, 0.0000s elapsed\n",
      "gc: collecting generation 0...\n",
      "gc: objects in each generation: 9 12 51150\n",
      "gc: objects in permanent generation: 0\n",
      "gc: done, 0 unreachable, 0 uncollectable, 0.0000s elapsed\n",
      "gc: collecting generation 1...\n",
      "gc: objects in each generation: 9 25 51150\n",
      "gc: objects in permanent generation: 0\n",
      "gc: done, 0 unreachable, 0 uncollectable, 0.0000s elapsed\n",
      "gc: collecting generation 0...\n",
      "gc: objects in each generation: 10 0 50922\n",
      "gc: objects in permanent generation: 0\n",
      "gc: done, 0 unreachable, 0 uncollectable, 0.0000s elapsed\n",
      "gc: collecting generation 0...\n",
      "gc: objects in each generation: 11 20 50904\n",
      "gc: objects in permanent generation: 0\n",
      "gc: done, 0 unreachable, 0 uncollectable, 0.0000s elapsed\n",
      "gc: collecting generation 1...\n",
      "gc: objects in each generation: 12 18 50902\n",
      "gc: objects in permanent generation: 0\n",
      "gc: done, 0 unreachable, 0 uncollectable, 0.0000s elapsed\n",
      "gc: collecting generation 0...\n",
      "gc: objects in each generation: 11 0 50924\n",
      "gc: objects in permanent generation: 0\n",
      "gc: done, 0 unreachable, 0 uncollectable, 0.0000s elapsed\n",
      "gc: collecting generation 0...\n",
      "gc: objects in each generation: 12 18 50902\n",
      "gc: objects in permanent generation: 0\n",
      "gc: done, 0 unreachable, 0 uncollectable, 0.0000s elapsed\n",
      "gc: collecting generation 1...\n",
      "gc: objects in each generation: 10 21 50902\n",
      "gc: objects in permanent generation: 0\n",
      "gc: done, 0 unreachable, 0 uncollectable, 0.0000s elapsed\n",
      "gc: collecting generation 0...\n",
      "gc: objects in each generation: 11 0 50925\n",
      "gc: objects in permanent generation: 0\n",
      "gc: done, 0 unreachable, 0 uncollectable, 0.0000s elapsed\n",
      "gc: collecting generation 0...\n",
      "gc: objects in each generation: 12 18 50903\n",
      "gc: objects in permanent generation: 0\n",
      "gc: done, 0 unreachable, 0 uncollectable, 0.0000s elapsed\n",
      "gc: collecting generation 1...\n",
      "gc: objects in each generation: 11 22 50903\n",
      "gc: objects in permanent generation: 0\n",
      "gc: done, 0 unreachable, 0 uncollectable, 0.0000s elapsed\n",
      "gc: collecting generation 0...\n",
      "gc: objects in each generation: 12 0 50921\n",
      "gc: objects in permanent generation: 0\n",
      "gc: done, 0 unreachable, 0 uncollectable, 0.0000s elapsed\n",
      "gc: collecting generation 0...\n",
      "gc: objects in each generation: 11 22 50903\n",
      "gc: objects in permanent generation: 0\n",
      "gc: done, 0 unreachable, 0 uncollectable, 0.0000s elapsed\n",
      "gc: collecting generation 1...\n",
      "gc: objects in each generation: 12 18 50903\n",
      "gc: objects in permanent generation: 0\n",
      "gc: done, 0 unreachable, 0 uncollectable, 0.0000s elapsed\n",
      "gc: collecting generation 0...\n",
      "gc: objects in each generation: 11 0 50937\n",
      "gc: objects in permanent generation: 0\n",
      "gc: done, 0 unreachable, 0 uncollectable, 0.0000s elapsed\n",
      "gc: collecting generation 0...\n",
      "gc: objects in each generation: 8 13 50937\n",
      "gc: objects in permanent generation: 0\n",
      "gc: done, 0 unreachable, 0 uncollectable, 0.0000s elapsed\n",
      "gc: collecting generation 1...\n",
      "gc: objects in each generation: 9 25 50936\n",
      "gc: objects in permanent generation: 0\n",
      "gc: done, 0 unreachable, 0 uncollectable, 0.0000s elapsed\n",
      "gc: collecting generation 0...\n",
      "gc: objects in each generation: 10 0 50973\n",
      "gc: objects in permanent generation: 0\n",
      "gc: done, 0 unreachable, 0 uncollectable, 0.0000s elapsed\n",
      "gc: collecting generation 0...\n",
      "gc: objects in each generation: 9 14 50973\n",
      "gc: objects in permanent generation: 0\n",
      "gc: done, 0 unreachable, 0 uncollectable, 0.0000s elapsed\n",
      "gc: collecting generation 1...\n",
      "gc: objects in each generation: 10 27 50973\n",
      "gc: objects in permanent generation: 0\n",
      "gc: done, 0 unreachable, 0 uncollectable, 0.0000s elapsed\n",
      "gc: collecting generation 0...\n",
      "gc: objects in each generation: 11 0 51014\n",
      "gc: objects in permanent generation: 0\n",
      "gc: done, 0 unreachable, 0 uncollectable, 0.0000s elapsed\n",
      "gc: collecting generation 0...\n",
      "gc: objects in each generation: 12 18 50904\n",
      "gc: objects in permanent generation: 0\n",
      "gc: done, 0 unreachable, 0 uncollectable, 0.0000s elapsed\n",
      "gc: collecting generation 1...\n",
      "gc: objects in each generation: 11 34 50904\n",
      "gc: objects in permanent generation: 0\n",
      "gc: done, 0 unreachable, 0 uncollectable, 0.0000s elapsed\n",
      "gc: collecting generation 0...\n",
      "gc: objects in each generation: 8 0 50951\n",
      "gc: objects in permanent generation: 0\n",
      "gc: done, 0 unreachable, 0 uncollectable, 0.0000s elapsed\n",
      "gc: collecting generation 0...\n",
      "gc: objects in each generation: 12 18 50904\n",
      "gc: objects in permanent generation: 0\n",
      "gc: done, 0 unreachable, 0 uncollectable, 0.0000s elapsed\n",
      "gc: collecting generation 1...\n",
      "gc: objects in each generation: 11 22 50904\n",
      "gc: objects in permanent generation: 0\n",
      "gc: done, 0 unreachable, 0 uncollectable, 0.0000s elapsed\n",
      "gc: collecting generation 0...\n",
      "gc: objects in each generation: 159 0 50617\n",
      "gc: objects in permanent generation: 0\n"
     ]
    }
   ],
   "source": [
    "import gc\n",
    "import pprint\n",
    "import sys\n",
    "\n",
    "try:\n",
    "    threshold = int(sys.argv[1])\n",
    "except (IndexError, ValueError, TypeError):\n",
    "    print('Missing or invalid threshold, using default')\n",
    "    threshold = 2\n",
    "\n",
    "          \n",
    "class MyObj:\n",
    "          \n",
    "    def __init__ (self, name):\n",
    "        self.name = name\n",
    "        print('Created', self.name)\n",
    "          \n",
    "gc.set_debug(gc.DEBUG_STATS)\n",
    "gc.set_threshold(threshold, 1, 1)\n",
    "print('Thresholds:', gc.get_threshold())\n",
    "          \n",
    "print('Clear the collector by forcing a run')\n",
    "gc.collect()\n",
    "print()\n",
    "          \n",
    "print('Creating objects')\n",
    "objs = []\n",
    "for i in range(10):\n",
    "    objs.append(MyObj(i))\n",
    "print('Exiting')\n",
    "          \n",
    "# Отключить отладку\n",
    "gc.set_debug(0)"
   ]
  },
  {
   "cell_type": "markdown",
   "metadata": {},
   "source": [
    "Изменение пороговых значений влияет на то, в какие моменты времени будет выполняться сборка мусора. При меньших пороговых значениях сборка мусора выполняется чаще."
   ]
  },
  {
   "cell_type": "markdown",
   "metadata": {},
   "source": [
    "## Отладка"
   ]
  },
  {
   "cell_type": "markdown",
   "metadata": {},
   "source": [
    "Обнаружение причин утечки памяти может оказаться трудной задачей. Модуль gc предоставляет несколько отладочных опций, которые упрощают решение этой задачи, позволяя увидеть детали работы внутренних механизмов кода. Указанные опции представляют собой битовые флаги, которые можно комбинировать и передавать функции __set_debug()__ для управления поведением сборщика мусора во время выполнения программы. Отладочная информация выводится в поток __sys.stderr__.\n",
    "\n",
    "\n",
    "Флаг __DEBUG_STATS__ включает вывод статистики, вынуждая механизм сборщика мусора выводить в процессе своего выполнения информацию о том, сколько объектов отмечено для помещения в каждое поколение и сколько времени требуется для очистки памяти."
   ]
  },
  {
   "cell_type": "code",
   "execution_count": 9,
   "metadata": {},
   "outputs": [
    {
     "name": "stdout",
     "output_type": "stream",
     "text": [
      "Exiting\n"
     ]
    },
    {
     "name": "stderr",
     "output_type": "stream",
     "text": [
      "gc: collecting generation 0...\n",
      "gc: objects in each generation: 26 0 50747\n",
      "gc: objects in permanent generation: 0\n",
      "gc: done, 0 unreachable, 0 uncollectable, 0.0000s elapsed\n",
      "gc: collecting generation 0...\n",
      "gc: objects in each generation: 11 28 50747\n",
      "gc: objects in permanent generation: 0\n",
      "gc: done, 0 unreachable, 0 uncollectable, 0.0000s elapsed\n",
      "gc: collecting generation 2...\n",
      "gc: objects in each generation: 13 27 50747\n",
      "gc: objects in permanent generation: 0\n",
      "gc: done, 26 unreachable, 0 uncollectable, 0.0160s elapsed\n",
      "gc: collecting generation 0...\n",
      "gc: objects in each generation: 24 0 50754\n",
      "gc: objects in permanent generation: 0\n",
      "gc: done, 0 unreachable, 0 uncollectable, 0.0000s elapsed\n",
      "gc: collecting generation 0...\n",
      "gc: objects in each generation: 16 23 50754\n",
      "gc: objects in permanent generation: 0\n",
      "gc: done, 0 unreachable, 0 uncollectable, 0.0000s elapsed\n",
      "gc: collecting generation 1...\n",
      "gc: objects in each generation: 25 43 50753\n",
      "gc: objects in permanent generation: 0\n",
      "gc: done, 0 unreachable, 0 uncollectable, 0.0000s elapsed\n",
      "gc: collecting generation 0...\n",
      "gc: objects in each generation: 16 0 50817\n",
      "gc: objects in permanent generation: 0\n",
      "gc: done, 0 unreachable, 0 uncollectable, 0.0000s elapsed\n",
      "gc: collecting generation 0...\n",
      "gc: objects in each generation: 11 25 50803\n",
      "gc: objects in permanent generation: 0\n",
      "gc: done, 0 unreachable, 0 uncollectable, 0.0000s elapsed\n",
      "gc: collecting generation 1...\n",
      "gc: objects in each generation: 10 40 50803\n",
      "gc: objects in permanent generation: 0\n",
      "gc: done, 0 unreachable, 0 uncollectable, 0.0000s elapsed\n",
      "gc: collecting generation 0...\n",
      "gc: objects in each generation: 14 0 50850\n",
      "gc: objects in permanent generation: 0\n",
      "gc: done, 0 unreachable, 0 uncollectable, 0.0000s elapsed\n",
      "gc: collecting generation 0...\n",
      "gc: objects in each generation: 15 15 50836\n",
      "gc: objects in permanent generation: 0\n",
      "gc: done, 0 unreachable, 0 uncollectable, 0.0000s elapsed\n",
      "gc: collecting generation 1...\n",
      "gc: objects in each generation: 14 34 50836\n",
      "gc: objects in permanent generation: 0\n",
      "gc: done, 0 unreachable, 0 uncollectable, 0.0000s elapsed\n",
      "gc: collecting generation 0...\n",
      "gc: objects in each generation: 12 0 50885\n",
      "gc: objects in permanent generation: 0\n",
      "gc: done, 0 unreachable, 0 uncollectable, 0.0000s elapsed\n",
      "gc: collecting generation 0...\n",
      "gc: objects in each generation: 23 15 50803\n",
      "gc: objects in permanent generation: 0\n",
      "gc: done, 0 unreachable, 0 uncollectable, 0.0000s elapsed\n",
      "gc: collecting generation 1...\n",
      "gc: objects in each generation: 27 39 50719\n",
      "gc: objects in permanent generation: 0\n",
      "gc: done, 0 unreachable, 0 uncollectable, 0.0000s elapsed\n",
      "gc: collecting generation 0...\n",
      "gc: objects in each generation: 16 0 50782\n",
      "gc: objects in permanent generation: 0\n",
      "gc: done, 0 unreachable, 0 uncollectable, 0.0000s elapsed\n",
      "gc: collecting generation 0...\n",
      "gc: objects in each generation: 33 15 50677\n",
      "gc: objects in permanent generation: 0\n",
      "gc: done, 0 unreachable, 0 uncollectable, 0.0000s elapsed\n",
      "gc: collecting generation 1...\n",
      "gc: objects in each generation: 37 8 50641\n",
      "gc: objects in permanent generation: 0\n",
      "gc: done, 0 unreachable, 0 uncollectable, 0.0000s elapsed\n",
      "gc: collecting generation 0...\n",
      "gc: objects in each generation: 30 0 50682\n",
      "gc: objects in permanent generation: 0\n",
      "gc: done, 0 unreachable, 0 uncollectable, 0.0000s elapsed\n",
      "gc: collecting generation 0...\n",
      "gc: objects in each generation: 22 2 50646\n",
      "gc: objects in permanent generation: 0\n",
      "gc: done, 0 unreachable, 0 uncollectable, 0.0000s elapsed\n",
      "gc: collecting generation 1...\n",
      "gc: objects in each generation: 20 18 50641\n",
      "gc: objects in permanent generation: 0\n",
      "gc: done, 0 unreachable, 0 uncollectable, 0.0000s elapsed\n",
      "gc: collecting generation 0...\n",
      "gc: objects in each generation: 14 0 50681\n",
      "gc: objects in permanent generation: 0\n",
      "gc: done, 0 unreachable, 0 uncollectable, 0.0000s elapsed\n",
      "gc: collecting generation 0...\n",
      "gc: objects in each generation: 19 17 50681\n",
      "gc: objects in permanent generation: 0\n",
      "gc: done, 0 unreachable, 0 uncollectable, 0.0000s elapsed\n",
      "gc: collecting generation 1...\n",
      "gc: objects in each generation: 18 39 50680\n",
      "gc: objects in permanent generation: 0\n",
      "gc: done, 0 unreachable, 0 uncollectable, 0.0000s elapsed\n",
      "gc: collecting generation 0...\n",
      "gc: objects in each generation: 31 0 50678\n",
      "gc: objects in permanent generation: 0\n",
      "gc: done, 0 unreachable, 0 uncollectable, 0.0000s elapsed\n",
      "gc: collecting generation 0...\n",
      "gc: objects in each generation: 30 29 50676\n",
      "gc: objects in permanent generation: 0\n",
      "gc: done, 0 unreachable, 0 uncollectable, 0.0000s elapsed\n",
      "gc: collecting generation 1...\n",
      "gc: objects in each generation: 17 41 50676\n",
      "gc: objects in permanent generation: 0\n",
      "gc: done, 0 unreachable, 0 uncollectable, 0.0000s elapsed\n",
      "gc: collecting generation 0...\n",
      "gc: objects in each generation: 34 0 50717\n",
      "gc: objects in permanent generation: 0\n",
      "gc: done, 0 unreachable, 0 uncollectable, 0.0000s elapsed\n",
      "gc: collecting generation 0...\n",
      "gc: objects in each generation: 12 28 50717\n",
      "gc: objects in permanent generation: 0\n",
      "gc: done, 0 unreachable, 0 uncollectable, 0.0000s elapsed\n",
      "gc: collecting generation 1...\n",
      "gc: objects in each generation: 17 44 50716\n",
      "gc: objects in permanent generation: 0\n",
      "gc: done, 0 unreachable, 0 uncollectable, 0.0000s elapsed\n",
      "gc: collecting generation 0...\n",
      "gc: objects in each generation: 48 0 50702\n",
      "gc: objects in permanent generation: 0\n",
      "gc: done, 0 unreachable, 0 uncollectable, 0.0000s elapsed\n",
      "gc: collecting generation 0...\n",
      "gc: objects in each generation: 28 6 50608\n",
      "gc: objects in permanent generation: 0\n",
      "gc: done, 0 unreachable, 0 uncollectable, 0.0000s elapsed\n",
      "gc: collecting generation 1...\n",
      "gc: objects in each generation: 12 38 50608\n",
      "gc: objects in permanent generation: 0\n",
      "gc: done, 0 unreachable, 0 uncollectable, 0.0000s elapsed\n",
      "gc: collecting generation 0...\n",
      "gc: objects in each generation: 17 0 50658\n",
      "gc: objects in permanent generation: 0\n",
      "gc: done, 0 unreachable, 0 uncollectable, 0.0000s elapsed\n",
      "gc: collecting generation 0...\n",
      "gc: objects in each generation: 17 8 50627\n",
      "gc: objects in permanent generation: 0\n",
      "gc: done, 0 unreachable, 0 uncollectable, 0.0000s elapsed\n",
      "gc: collecting generation 1...\n",
      "gc: objects in each generation: 13 29 50627\n",
      "gc: objects in permanent generation: 0\n",
      "gc: done, 0 unreachable, 0 uncollectable, 0.0000s elapsed\n"
     ]
    }
   ],
   "source": [
    "import gc\n",
    "\n",
    "gc.set_debug(gc.DEBUG_STATS)\n",
    "\n",
    "gc.collect()\n",
    "print('Exiting')"
   ]
  },
  {
   "cell_type": "markdown",
   "metadata": {},
   "source": [
    "Флаги __DEBUG_COLLECTABLE__ и __DEBUG_UNCOLLECTABLE__ вынуждают сборщик мусора выводить информацию о том, может или не может быть удален проверяемый объект. Если информации об объектах, которые не могут быть удалены, еще недостаточно для того, чтобы определить, где именно удерживаются данные, следует установить флаг __DEBUG_SAVEALL__, вынуждающий модуль gc сохранить все обнаруженные объекты, на которые отсутствуют ссылки, в списке __garbage__."
   ]
  },
  {
   "cell_type": "code",
   "execution_count": 5,
   "metadata": {},
   "outputs": [
    {
     "name": "stdout",
     "output_type": "stream",
     "text": [
      "CleanupGraph(three).__del__()\n",
      "Collecting\n",
      "CleanupGraph(four).__del__()\n",
      "CleanupGraph(five).__del__()\n",
      "Done\n",
      "Retained: Graph(one) Ox1f0c7483f70\n",
      "Retained: Graph(two) Ox1f0c7483ee0\n",
      "Retained: CleanupGraph(four) Ox1f0c7483d90\n",
      "Retained: CleanupGraph(five) Ox1f0c7483640\n"
     ]
    },
    {
     "name": "stderr",
     "output_type": "stream",
     "text": [
      "gc: collectable <Graph 0x000001F0C7456D00>\n",
      "gc: collectable <Graph 0x000001F0C7456D60>\n",
      "gc: collectable <Graph 0x000001F0C7456E50>\n",
      "gc: collectable <dict 0x000001F0C7477C80>\n",
      "gc: collectable <dict 0x000001F0C7477E80>\n",
      "gc: collectable <dict 0x000001F0C7477DC0>\n",
      "gc: collectable <frame 0x000001F0C59B2120>\n",
      "gc: collectable <list 0x000001F0C7446900>\n",
      "gc: collectable <dict 0x000001F0C7477200>\n",
      "gc: collectable <dict 0x000001F0C747C240>\n",
      "gc: collectable <list 0x000001F0C743FE00>\n",
      "gc: collectable <type 0x000001F0C69D08F0>\n",
      "gc: collectable <dict 0x000001F0C7446280>\n",
      "gc: collectable <tuple 0x000001F0C73EC440>\n",
      "gc: collectable <function 0x000001F0C748B040>\n",
      "gc: collectable <getset_descriptor 0x000001F0C747CE40>\n",
      "gc: collectable <getset_descriptor 0x000001F0C747CF40>\n",
      "gc: collectable <ValueError 0x000001F0C5C50EA0>\n",
      "gc: collectable <traceback 0x000001F0C73EE5C0>\n",
      "gc: collectable <frame 0x000001F0C73A5C10>\n",
      "gc: collectable <ValueError 0x000001F0C5C50F40>\n",
      "gc: collectable <frame 0x000001F0C5ADE170>\n",
      "gc: collectable <frame 0x000001F0C6BB3A10>\n",
      "gc: collectable <traceback 0x000001F0C743F5C0>\n",
      "gc: collectable <frame 0x000001F0C6BB3190>\n",
      "gc: collectable <frame 0x000001F0C6BB59F0>\n",
      "gc: collectable <frame 0x000001F0C7468BA0>\n",
      "gc: collectable <traceback 0x000001F0C743F980>\n",
      "gc: collectable <traceback 0x000001F0C743F900>\n",
      "gc: collectable <traceback 0x000001F0C73EE480>\n",
      "gc: collectable <Graph 0x000001F0C7483F70>\n",
      "gc: collectable <Graph 0x000001F0C7483EE0>\n",
      "gc: collectable <dict 0x000001F0C7455580>\n",
      "gc: collectable <dict 0x000001F0C7455780>\n",
      "gc: collectable <CleanupGraph 0x000001F0C7483D90>\n",
      "gc: collectable <CleanupGraph 0x000001F0C7483640>\n",
      "gc: collectable <dict 0x000001F0C7455640>\n",
      "gc: collectable <dict 0x000001F0C7455280>\n"
     ]
    }
   ],
   "source": [
    "import gc\n",
    "flags = gc.DEBUG_LEAK\n",
    "\n",
    "gc.set_debug(flags)\n",
    "\n",
    "class Graph:\n",
    "    \n",
    "    def __init__(self, name):\n",
    "        self.name = name\n",
    "        self.next = None\n",
    "        \n",
    "    def set_next(self, next):\n",
    "        self.next = next\n",
    "        \n",
    "    def __repr__(self) :\n",
    "        return '{}({})'.format(\n",
    "            self.__class__.__name__, self.name)\n",
    "\n",
    "class CleanupGraph(Graph):\n",
    "    \n",
    "    def __del__(self) :\n",
    "        print('{}.__del__()'.format(self))\n",
    "              \n",
    "# Создать циклический граф\n",
    "one = Graph('one')\n",
    "two = Graph('two')\n",
    "one.set_next(two)\n",
    "two.set_next(one)\n",
    "            \n",
    "# Создать самостоятельный узел\n",
    "three = CleanupGraph('three')\n",
    "                     \n",
    "# Создать циклический граф c помощью финализатора\n",
    "four = CleanupGraph('four')\n",
    "five = CleanupGraph('five')\n",
    "four.set_next(five)\n",
    "five.set_next(four)\n",
    "                    \n",
    "# Удалить ссылки на узлы графа в пространстве имен этого модуля\n",
    "one = two = three = four = five = None\n",
    "                    \n",
    "# Принудительный запуск сборщика мусора\n",
    "print('Collecting')\n",
    "gc.collect ()\n",
    "print('Done')\n",
    "      \n",
    "# Вывести информацию об оставшихся объектах\n",
    "for o in gc.garbage:\n",
    "    if isinstance(o, Graph):\n",
    "        print('Retained: {} Ox{:x}'.format(o, id(o)))\n",
    "      \n",
    "    \n",
    "# Сбросить флаги отладки перед выходом    \n",
    "gc.set_debug(0)"
   ]
  },
  {
   "cell_type": "markdown",
   "metadata": {},
   "source": [
    "Для простоты определен флаг __DEBUG_LEAK__, представляющий комбинацию\n",
    "всех остальных опций. Он автоматически включает флаг __DEBUG_\n",
    "SAVEALL__, в связи c чем будут сохранены даже те объекты, на которые отсутствуют\n",
    "ссылки и которые в обычных условиях были бы затребованы сборщиком мусора\n",
    "и в конечном счете удалены."
   ]
  }
 ],
 "metadata": {
  "kernelspec": {
   "display_name": "Python 3",
   "language": "python",
   "name": "python3"
  },
  "language_info": {
   "codemirror_mode": {
    "name": "ipython",
    "version": 3
   },
   "file_extension": ".py",
   "mimetype": "text/x-python",
   "name": "python",
   "nbconvert_exporter": "python",
   "pygments_lexer": "ipython3",
   "version": "3.8.3"
  }
 },
 "nbformat": 4,
 "nbformat_minor": 4
}
